[Status(_api=<tweepy.api.API object at 0x7f590254c978>, _json={'created_at': 'Sun Apr 08 04:07:57 +0000 2018', 'id': 982832395547181056, 'id_str': '982832395547181056', 'text': 'Darn flabbit this tweet is offensive', 'truncated': False, 'entities': {'hashtags': [], 'symbols': [], 'user_mentions': [], 'urls': []}, 'source': '<a href="http://twitter.com/download/android" rel="nofollow">Twitter for Android</a>', 'in_reply_to_status_id': None, 'in_reply_to_status_id_str': None, 'in_reply_to_user_id': None, 'in_reply_to_user_id_str': None, 'in_reply_to_screen_name': None, 'user': {'id': 982772536193814528, 'id_str': '982772536193814528', 'name': 'Cat Hacks', 'screen_name': 'CatHacks2018', 'location': '', 'description': '', 'url': None, 'entities': {'description': {'urls': []}}, 'protected': False, 'followers_count': 0, 'friends_count': 17, 'listed_count': 0, 'created_at': 'Sun Apr 08 00:10:06 +0000 2018', 'favourites_count': 0, 'utc_offset': None, 'time_zone': None, 'geo_enabled': False, 'verified': False, 'statuses_count': 4, 'lang': 'en', 'contributors_enabled': False, 'is_translator': False, 'is_translation_enabled': False, 'profile_background_color': 'F5F8FA', 'profile_background_image_url': None, 'profile_background_image_url_https': None, 'profile_background_tile': False, 'profile_image_url': 'http://abs.twimg.com/sticky/default_profile_images/default_profile_normal.png', 'profile_image_url_https': 'https://abs.twimg.com/sticky/default_profile_images/default_profile_normal.png', 'profile_link_color': '1DA1F2', 'profile_sidebar_border_color': 'C0DEED', 'profile_sidebar_fill_color': 'DDEEF6', 'profile_text_color': '333333', 'profile_use_background_image': True, 'has_extended_profile': False, 'default_profile': True, 'default_profile_image': True, 'following': False, 'follow_request_sent': False, 'notifications': False, 'translator_type': 'none'}, 'geo': None, 'coordinates': None, 'place': None, 'contributors': None, 'is_quote_status': False, 'retweet_count': 0, 'favorite_count': 0, 'favorited': False, 'retweeted': False, 'lang': 'en'}, created_at=datetime.datetime(2018, 4, 8, 4, 7, 57), id=982832395547181056, id_str='982832395547181056', text='Darn flabbit this tweet is offensive', truncated=False, entities={'hashtags': [], 'symbols': [], 'user_mentions': [], 'urls': []}, source='Twitter for Android', source_url='http://twitter.com/download/android', in_reply_to_status_id=None, in_reply_to_status_id_str=None, in_reply_to_user_id=None, in_reply_to_user_id_str=None, in_reply_to_screen_name=None, author=User(_api=<tweepy.api.API object at 0x7f590254c978>, _json={'id': 982772536193814528, 'id_str': '982772536193814528', 'name': 'Cat Hacks', 'screen_name': 'CatHacks2018', 'location': '', 'description': '', 'url': None, 'entities': {'description': {'urls': []}}, 'protected': False, 'followers_count': 0, 'friends_count': 17, 'listed_count': 0, 'created_at': 'Sun Apr 08 00:10:06 +0000 2018', 'favourites_count': 0, 'utc_offset': None, 'time_zone': None, 'geo_enabled': False, 'verified': False, 'statuses_count': 4, 'lang': 'en', 'contributors_enabled': False, 'is_translator': False, 'is_translation_enabled': False, 'profile_background_color': 'F5F8FA', 'profile_background_image_url': None, 'profile_background_image_url_https': None, 'profile_background_tile': False, 'profile_image_url': 'http://abs.twimg.com/sticky/default_profile_images/default_profile_normal.png', 'profile_image_url_https': 'https://abs.twimg.com/sticky/default_profile_images/default_profile_normal.png', 'profile_link_color': '1DA1F2', 'profile_sidebar_border_color': 'C0DEED', 'profile_sidebar_fill_color': 'DDEEF6', 'profile_text_color': '333333', 'profile_use_background_image': True, 'has_extended_profile': False, 'default_profile': True, 'default_profile_image': True, 'following': False, 'follow_request_sent': False, 'notifications': False, 'translator_type': 'none'}, id=982772536193814528, id_str='982772536193814528', name='Cat Hacks', screen_name='CatHacks2018', location='', description='', url=None, entities={'description': {'urls': []}}, protected=False, followers_count=0, friends_count=17, listed_count=0, created_at=datetime.datetime(2018, 4, 8, 0, 10, 6), favourites_count=0, utc_offset=None, time_zone=None, geo_enabled=False, verified=False, statuses_count=4, lang='en', contributors_enabled=False, is_translator=False, is_translation_enabled=False, profile_background_color='F5F8FA', profile_background_image_url=None, profile_background_image_url_https=None, profile_background_tile=False, profile_image_url='http://abs.twimg.com/sticky/default_profile_images/default_profile_normal.png', profile_image_url_https='https://abs.twimg.com/sticky/default_profile_images/default_profile_normal.png', profile_link_color='1DA1F2', profile_sidebar_border_color='C0DEED', profile_sidebar_fill_color='DDEEF6', profile_text_color='333333', profile_use_background_image=True, has_extended_profile=False, default_profile=True, default_profile_image=True, following=False, follow_request_sent=False, notifications=False, translator_type='none'), user=User(_api=<tweepy.api.API object at 0x7f590254c978>, _json={'id': 982772536193814528, 'id_str': '982772536193814528', 'name': 'Cat Hacks', 'screen_name': 'CatHacks2018', 'location': '', 'description': '', 'url': None, 'entities': {'description': {'urls': []}}, 'protected': False, 'followers_count': 0, 'friends_count': 17, 'listed_count': 0, 'created_at': 'Sun Apr 08 00:10:06 +0000 2018', 'favourites_count': 0, 'utc_offset': None, 'time_zone': None, 'geo_enabled': False, 'verified': False, 'statuses_count': 4, 'lang': 'en', 'contributors_enabled': False, 'is_translator': False, 'is_translation_enabled': False, 'profile_background_color': 'F5F8FA', 'profile_background_image_url': None, 'profile_background_image_url_https': None, 'profile_background_tile': False, 'profile_image_url': 'http://abs.twimg.com/sticky/default_profile_images/default_profile_normal.png', 'profile_image_url_https': 'https://abs.twimg.com/sticky/default_profile_images/default_profile_normal.png', 'profile_link_color': '1DA1F2', 'profile_sidebar_border_color': 'C0DEED', 'profile_sidebar_fill_color': 'DDEEF6', 'profile_text_color': '333333', 'profile_use_background_image': True, 'has_extended_profile': False, 'default_profile': True, 'default_profile_image': True, 'following': False, 'follow_request_sent': False, 'notifications': False, 'translator_type': 'none'}, id=982772536193814528, id_str='982772536193814528', name='Cat Hacks', screen_name='CatHacks2018', location='', description='', url=None, entities={'description': {'urls': []}}, protected=False, followers_count=0, friends_count=17, listed_count=0, created_at=datetime.datetime(2018, 4, 8, 0, 10, 6), favourites_count=0, utc_offset=None, time_zone=None, geo_enabled=False, verified=False, statuses_count=4, lang='en', contributors_enabled=False, is_translator=False, is_translation_enabled=False, profile_background_color='F5F8FA', profile_background_image_url=None, profile_background_image_url_https=None, profile_background_tile=False, profile_image_url='http://abs.twimg.com/sticky/default_profile_images/default_profile_normal.png', profile_image_url_https='https://abs.twimg.com/sticky/default_profile_images/default_profile_normal.png', profile_link_color='1DA1F2', profile_sidebar_border_color='C0DEED', profile_sidebar_fill_color='DDEEF6', profile_text_color='333333', profile_use_background_image=True, has_extended_profile=False, default_profile=True, default_profile_image=True, following=False, follow_request_sent=False, notifications=False, translator_type='none'), geo=None, coordinates=None, place=None, contributors=None, is_quote_status=False, retweet_count=0, favorite_count=0, favorited=False, retweeted=False, lang='en'), Status(_api=<tweepy.api.API object at 0x7f590254c978>, _json={'created_at': 'Sun Apr 08 00:13:22 +0000 2018', 'id': 982773357153308672, 'id_str': '982773357153308672', 'text': 'RT @MarvelStudios: Where will you be when it all ends? See @Avengers: #InfinityWar in theaters April 27, get tickets now: https://t.co/xQsJ…', 'truncated': False, 'entities': {'hashtags': [{'text': 'InfinityWar', 'indices': [70, 82]}], 'symbols': [], 'user_mentions': [{'screen_name': 'MarvelStudios', 'name': 'Marvel Studios', 'id': 750751206427860992, 'id_str': '750751206427860992', 'indices': [3, 17]}, {'screen_name': 'Avengers', 'name': 'The Avengers', 'id': 393852070, 'id_str': '393852070', 'indices': [59, 68]}], 'urls': []}, 'source': '<a href="http://twitter.com/download/android" rel="nofollow">Twitter for Android</a>', 'in_reply_to_status_id': None, 'in_reply_to_status_id_str': None, 'in_reply_to_user_id': None, 'in_reply_to_user_id_str': None, 'in_reply_to_screen_name': None, 'user': {'id': 982772536193814528, 'id_str': '982772536193814528', 'name': 'Cat Hacks', 'screen_name': 'CatHacks2018', 'location': '', 'description': '', 'url': None, 'entities': {'description': {'urls': []}}, 'protected': False, 'followers_count': 0, 'friends_count': 17, 'listed_count': 0, 'created_at': 'Sun Apr 08 00:10:06 +0000 2018', 'favourites_count': 0, 'utc_offset': None, 'time_zone': None, 'geo_enabled': False, 'verified': False, 'statuses_count': 4, 'lang': 'en', 'contributors_enabled': False, 'is_translator': False, 'is_translation_enabled': False, 'profile_background_color': 'F5F8FA', 'profile_background_image_url': None, 'profile_background_image_url_https': None, 'profile_background_tile': False, 'profile_image_url': 'http://abs.twimg.com/sticky/default_profile_images/default_profile_normal.png', 'profile_image_url_https': 'https://abs.twimg.com/sticky/default_profile_images/default_profile_normal.png', 'profile_link_color': '1DA1F2', 'profile_sidebar_border_color': 'C0DEED', 'profile_sidebar_fill_color': 'DDEEF6', 'profile_text_color': '333333', 'profile_use_background_image': True, 'has_extended_profile': False, 'default_profile': True, 'default_profile_image': True, 'following': False, 'follow_request_sent': False, 'notifications': False, 'translator_type': 'none'}, 'geo': None, 'coordinates': None, 'place': None, 'contributors': None, 'retweeted_status': {'created_at': 'Sat Apr 07 16:00:00 +0000 2018', 'id': 982649201048735749, 'id_str': '982649201048735749', 'text': 'Where will you be when it all ends? See @Avengers: #InfinityWar in theaters April 27, get tickets now:… https://t.co/nOVXN8YrYd', 'truncated': True, 'entities': {'hashtags': [{'text': 'InfinityWar', 'indices': [51, 63]}], 'symbols': [], 'user_mentions': [{'screen_name': 'Avengers', 'name': 'The Avengers', 'id': 393852070, 'id_str': '393852070', 'indices': [40, 49]}], 'urls': [{'url': 'https://t.co/nOVXN8YrYd', 'expanded_url': 'https://twitter.com/i/web/status/982649201048735749', 'display_url': 'twitter.com/i/web/status/9…', 'indices': [104, 127]}]}, 'source': '<a href="https://studio.twitter.com" rel="nofollow">Media Studio</a>', 'in_reply_to_status_id': None, 'in_reply_to_status_id_str': None, 'in_reply_to_user_id': None, 'in_reply_to_user_id_str': None, 'in_reply_to_screen_name': None, 'user': {'id': 750751206427860992, 'id_str': '750751206427860992', 'name': 'Marvel Studios', 'screen_name': 'MarvelStudios', 'location': '', 'description': 'The official Twitter account for Marvel Studios.', 'url': 'https://t.co/q761NHHoac', 'entities': {'url': {'urls': [{'url': 'https://t.co/q761NHHoac', 'expanded_url': 'http://fandango.com/infinitywar', 'display_url': 'fandango.com/infinitywar', 'indices': [0, 23]}]}, 'description': {'urls': []}}, 'protected': False, 'followers_count': 877115, 'friends_count': 74, 'listed_count': 2236, 'created_at': 'Wed Jul 06 18:00:10 +0000 2016', 'favourites_count': 970, 'utc_offset': -25200, 'time_zone': 'Pacific Time (US & Canada)', 'geo_enabled': True, 'verified': True, 'statuses_count': 8865, 'lang': 'en', 'contributors_enabled': False, 'is_translator': False, 'is_translation_enabled': False, 'profile_background_color': 'F5F8FA', 'profile_background_image_url': None, 'profile_background_image_url_https': None, 'profile_background_tile': False, 'profile_image_url': 'http://pbs.twimg.com/profile_images/791852580632604672/1BIDSxyC_normal.jpg', 'profile_image_url_https': 'https://pbs.twimg.com/profile_images/791852580632604672/1BIDSxyC_normal.jpg', 'profile_banner_url': 'https://pbs.twimg.com/profile_banners/750751206427860992/1521221350', 'profile_link_color': '1DA1F2', 'profile_sidebar_border_color': 'C0DEED', 'profile_sidebar_fill_color': 'DDEEF6', 'profile_text_color': '333333', 'profile_use_background_image': True, 'has_extended_profile': False, 'default_profile': True, 'default_profile_image': False, 'following': False, 'follow_request_sent': False, 'notifications': False, 'translator_type': 'none'}, 'geo': None, 'coordinates': None, 'place': None, 'contributors': None, 'is_quote_status': False, 'retweet_count': 16507, 'favorite_count': 39997, 'favorited': False, 'retweeted': False, 'possibly_sensitive': False, 'lang': 'en'}, 'is_quote_status': False, 'retweet_count': 16507, 'favorite_count': 0, 'favorited': False, 'retweeted': False, 'lang': 'en'}, created_at=datetime.datetime(2018, 4, 8, 0, 13, 22), id=982773357153308672, id_str='982773357153308672', text='RT @MarvelStudios: Where will you be when it all ends? See @Avengers: #InfinityWar in theaters April 27, get tickets now: https://t.co/xQsJ…', truncated=False, entities={'hashtags': [{'text': 'InfinityWar', 'indices': [70, 82]}], 'symbols': [], 'user_mentions': [{'screen_name': 'MarvelStudios', 'name': 'Marvel Studios', 'id': 750751206427860992, 'id_str': '750751206427860992', 'indices': [3, 17]}, {'screen_name': 'Avengers', 'name': 'The Avengers', 'id': 393852070, 'id_str': '393852070', 'indices': [59, 68]}], 'urls': []}, source='Twitter for Android', source_url='http://twitter.com/download/android', in_reply_to_status_id=None, in_reply_to_status_id_str=None, in_reply_to_user_id=None, in_reply_to_user_id_str=None, in_reply_to_screen_name=None, author=User(_api=<tweepy.api.API object at 0x7f590254c978>, _json={'id': 982772536193814528, 'id_str': '982772536193814528', 'name': 'Cat Hacks', 'screen_name': 'CatHacks2018', 'location': '', 'description': '', 'url': None, 'entities': {'description': {'urls': []}}, 'protected': False, 'followers_count': 0, 'friends_count': 17, 'listed_count': 0, 'created_at': 'Sun Apr 08 00:10:06 +0000 2018', 'favourites_count': 0, 'utc_offset': None, 'time_zone': None, 'geo_enabled': False, 'verified': False, 'statuses_count': 4, 'lang': 'en', 'contributors_enabled': False, 'is_translator': False, 'is_translation_enabled': False, 'profile_background_color': 'F5F8FA', 'profile_background_image_url': None, 'profile_background_image_url_https': None, 'profile_background_tile': False, 'profile_image_url': 'http://abs.twimg.com/sticky/default_profile_images/default_profile_normal.png', 'profile_image_url_https': 'https://abs.twimg.com/sticky/default_profile_images/default_profile_normal.png', 'profile_link_color': '1DA1F2', 'profile_sidebar_border_color': 'C0DEED', 'profile_sidebar_fill_color': 'DDEEF6', 'profile_text_color': '333333', 'profile_use_background_image': True, 'has_extended_profile': False, 'default_profile': True, 'default_profile_image': True, 'following': False, 'follow_request_sent': False, 'notifications': False, 'translator_type': 'none'}, id=982772536193814528, id_str='982772536193814528', name='Cat Hacks', screen_name='CatHacks2018', location='', description='', url=None, entities={'description': {'urls': []}}, protected=False, followers_count=0, friends_count=17, listed_count=0, created_at=datetime.datetime(2018, 4, 8, 0, 10, 6), favourites_count=0, utc_offset=None, time_zone=None, geo_enabled=False, verified=False, statuses_count=4, lang='en', contributors_enabled=False, is_translator=False, is_translation_enabled=False, profile_background_color='F5F8FA', profile_background_image_url=None, profile_background_image_url_https=None, profile_background_tile=False, profile_image_url='http://abs.twimg.com/sticky/default_profile_images/default_profile_normal.png', profile_image_url_https='https://abs.twimg.com/sticky/default_profile_images/default_profile_normal.png', profile_link_color='1DA1F2', profile_sidebar_border_color='C0DEED', profile_sidebar_fill_color='DDEEF6', profile_text_color='333333', profile_use_background_image=True, has_extended_profile=False, default_profile=True, default_profile_image=True, following=False, follow_request_sent=False, notifications=False, translator_type='none'), user=User(_api=<tweepy.api.API object at 0x7f590254c978>, _json={'id': 982772536193814528, 'id_str': '982772536193814528', 'name': 'Cat Hacks', 'screen_name': 'CatHacks2018', 'location': '', 'description': '', 'url': None, 'entities': {'description': {'urls': []}}, 'protected': False, 'followers_count': 0, 'friends_count': 17, 'listed_count': 0, 'created_at': 'Sun Apr 08 00:10:06 +0000 2018', 'favourites_count': 0, 'utc_offset': None, 'time_zone': None, 'geo_enabled': False, 'verified': False, 'statuses_count': 4, 'lang': 'en', 'contributors_enabled': False, 'is_translator': False, 'is_translation_enabled': False, 'profile_background_color': 'F5F8FA', 'profile_background_image_url': None, 'profile_background_image_url_https': None, 'profile_background_tile': False, 'profile_image_url': 'http://abs.twimg.com/sticky/default_profile_images/default_profile_normal.png', 'profile_image_url_https': 'https://abs.twimg.com/sticky/default_profile_images/default_profile_normal.png', 'profile_link_color': '1DA1F2', 'profile_sidebar_border_color': 'C0DEED', 'profile_sidebar_fill_color': 'DDEEF6', 'profile_text_color': '333333', 'profile_use_background_image': True, 'has_extended_profile': False, 'default_profile': True, 'default_profile_image': True, 'following': False, 'follow_request_sent': False, 'notifications': False, 'translator_type': 'none'}, id=982772536193814528, id_str='982772536193814528', name='Cat Hacks', screen_name='CatHacks2018', location='', description='', url=None, entities={'description': {'urls': []}}, protected=False, followers_count=0, friends_count=17, listed_count=0, created_at=datetime.datetime(2018, 4, 8, 0, 10, 6), favourites_count=0, utc_offset=None, time_zone=None, geo_enabled=False, verified=False, statuses_count=4, lang='en', contributors_enabled=False, is_translator=False, is_translation_enabled=False, profile_background_color='F5F8FA', profile_background_image_url=None, profile_background_image_url_https=None, profile_background_tile=False, profile_image_url='http://abs.twimg.com/sticky/default_profile_images/default_profile_normal.png', profile_image_url_https='https://abs.twimg.com/sticky/default_profile_images/default_profile_normal.png', profile_link_color='1DA1F2', profile_sidebar_border_color='C0DEED', profile_sidebar_fill_color='DDEEF6', profile_text_color='333333', profile_use_background_image=True, has_extended_profile=False, default_profile=True, default_profile_image=True, following=False, follow_request_sent=False, notifications=False, translator_type='none'), geo=None, coordinates=None, place=None, contributors=None, retweeted_status=Status(_api=<tweepy.api.API object at 0x7f590254c978>, _json={'created_at': 'Sat Apr 07 16:00:00 +0000 2018', 'id': 982649201048735749, 'id_str': '982649201048735749', 'text': 'Where will you be when it all ends? See @Avengers: #InfinityWar in theaters April 27, get tickets now:… https://t.co/nOVXN8YrYd', 'truncated': True, 'entities': {'hashtags': [{'text': 'InfinityWar', 'indices': [51, 63]}], 'symbols': [], 'user_mentions': [{'screen_name': 'Avengers', 'name': 'The Avengers', 'id': 393852070, 'id_str': '393852070', 'indices': [40, 49]}], 'urls': [{'url': 'https://t.co/nOVXN8YrYd', 'expanded_url': 'https://twitter.com/i/web/status/982649201048735749', 'display_url': 'twitter.com/i/web/status/9…', 'indices': [104, 127]}]}, 'source': '<a href="https://studio.twitter.com" rel="nofollow">Media Studio</a>', 'in_reply_to_status_id': None, 'in_reply_to_status_id_str': None, 'in_reply_to_user_id': None, 'in_reply_to_user_id_str': None, 'in_reply_to_screen_name': None, 'user': {'id': 750751206427860992, 'id_str': '750751206427860992', 'name': 'Marvel Studios', 'screen_name': 'MarvelStudios', 'location': '', 'description': 'The official Twitter account for Marvel Studios.', 'url': 'https://t.co/q761NHHoac', 'entities': {'url': {'urls': [{'url': 'https://t.co/q761NHHoac', 'expanded_url': 'http://fandango.com/infinitywar', 'display_url': 'fandango.com/infinitywar', 'indices': [0, 23]}]}, 'description': {'urls': []}}, 'protected': False, 'followers_count': 877115, 'friends_count': 74, 'listed_count': 2236, 'created_at': 'Wed Jul 06 18:00:10 +0000 2016', 'favourites_count': 970, 'utc_offset': -25200, 'time_zone': 'Pacific Time (US & Canada)', 'geo_enabled': True, 'verified': True, 'statuses_count': 8865, 'lang': 'en', 'contributors_enabled': False, 'is_translator': False, 'is_translation_enabled': False, 'profile_background_color': 'F5F8FA', 'profile_background_image_url': None, 'profile_background_image_url_https': None, 'profile_background_tile': False, 'profile_image_url': 'http://pbs.twimg.com/profile_images/791852580632604672/1BIDSxyC_normal.jpg', 'profile_image_url_https': 'https://pbs.twimg.com/profile_images/791852580632604672/1BIDSxyC_normal.jpg', 'profile_banner_url': 'https://pbs.twimg.com/profile_banners/750751206427860992/1521221350', 'profile_link_color': '1DA1F2', 'profile_sidebar_border_color': 'C0DEED', 'profile_sidebar_fill_color': 'DDEEF6', 'profile_text_color': '333333', 'profile_use_background_image': True, 'has_extended_profile': False, 'default_profile': True, 'default_profile_image': False, 'following': False, 'follow_request_sent': False, 'notifications': False, 'translator_type': 'none'}, 'geo': None, 'coordinates': None, 'place': None, 'contributors': None, 'is_quote_status': False, 'retweet_count': 16507, 'favorite_count': 39997, 'favorited': False, 'retweeted': False, 'possibly_sensitive': False, 'lang': 'en'}, created_at=datetime.datetime(2018, 4, 7, 16, 0), id=982649201048735749, id_str='982649201048735749', text='Where will you be when it all ends? See @Avengers: #InfinityWar in theaters April 27, get tickets now:… https://t.co/nOVXN8YrYd', truncated=True, entities={'hashtags': [{'text': 'InfinityWar', 'indices': [51, 63]}], 'symbols': [], 'user_mentions': [{'screen_name': 'Avengers', 'name': 'The Avengers', 'id': 393852070, 'id_str': '393852070', 'indices': [40, 49]}], 'urls': [{'url': 'https://t.co/nOVXN8YrYd', 'expanded_url': 'https://twitter.com/i/web/status/982649201048735749', 'display_url': 'twitter.com/i/web/status/9…', 'indices': [104, 127]}]}, source='Media Studio', source_url='https://studio.twitter.com', in_reply_to_status_id=None, in_reply_to_status_id_str=None, in_reply_to_user_id=None, in_reply_to_user_id_str=None, in_reply_to_screen_name=None, author=User(_api=<tweepy.api.API object at 0x7f590254c978>, _json={'id': 750751206427860992, 'id_str': '750751206427860992', 'name': 'Marvel Studios', 'screen_name': 'MarvelStudios', 'location': '', 'description': 'The official Twitter account for Marvel Studios.', 'url': 'https://t.co/q761NHHoac', 'entities': {'url': {'urls': [{'url': 'https://t.co/q761NHHoac', 'expanded_url': 'http://fandango.com/infinitywar', 'display_url': 'fandango.com/infinitywar', 'indices': [0, 23]}]}, 'description': {'urls': []}}, 'protected': False, 'followers_count': 877115, 'friends_count': 74, 'listed_count': 2236, 'created_at': 'Wed Jul 06 18:00:10 +0000 2016', 'favourites_count': 970, 'utc_offset': -25200, 'time_zone': 'Pacific Time (US & Canada)', 'geo_enabled': True, 'verified': True, 'statuses_count': 8865, 'lang': 'en', 'contributors_enabled': False, 'is_translator': False, 'is_translation_enabled': False, 'profile_background_color': 'F5F8FA', 'profile_background_image_url': None, 'profile_background_image_url_https': None, 'profile_background_tile': False, 'profile_image_url': 'http://pbs.twimg.com/profile_images/791852580632604672/1BIDSxyC_normal.jpg', 'profile_image_url_https': 'https://pbs.twimg.com/profile_images/791852580632604672/1BIDSxyC_normal.jpg', 'profile_banner_url': 'https://pbs.twimg.com/profile_banners/750751206427860992/1521221350', 'profile_link_color': '1DA1F2', 'profile_sidebar_border_color': 'C0DEED', 'profile_sidebar_fill_color': 'DDEEF6', 'profile_text_color': '333333', 'profile_use_background_image': True, 'has_extended_profile': False, 'default_profile': True, 'default_profile_image': False, 'following': False, 'follow_request_sent': False, 'notifications': False, 'translator_type': 'none'}, id=750751206427860992, id_str='750751206427860992', name='Marvel Studios', screen_name='MarvelStudios', location='', description='The official Twitter account for Marvel Studios.', url='https://t.co/q761NHHoac', entities={'url': {'urls': [{'url': 'https://t.co/q761NHHoac', 'expanded_url': 'http://fandango.com/infinitywar', 'display_url': 'fandango.com/infinitywar', 'indices': [0, 23]}]}, 'description': {'urls': []}}, protected=False, followers_count=877115, friends_count=74, listed_count=2236, created_at=datetime.datetime(2016, 7, 6, 18, 0, 10), favourites_count=970, utc_offset=-25200, time_zone='Pacific Time (US & Canada)', geo_enabled=True, verified=True, statuses_count=8865, lang='en', contributors_enabled=False, is_translator=False, is_translation_enabled=False, profile_background_color='F5F8FA', profile_background_image_url=None, profile_background_image_url_https=None, profile_background_tile=False, profile_image_url='http://pbs.twimg.com/profile_images/791852580632604672/1BIDSxyC_normal.jpg', profile_image_url_https='https://pbs.twimg.com/profile_images/791852580632604672/1BIDSxyC_normal.jpg', profile_banner_url='https://pbs.twimg.com/profile_banners/750751206427860992/1521221350', profile_link_color='1DA1F2', profile_sidebar_border_color='C0DEED', profile_sidebar_fill_color='DDEEF6', profile_text_color='333333', profile_use_background_image=True, has_extended_profile=False, default_profile=True, default_profile_image=False, following=False, follow_request_sent=False, notifications=False, translator_type='none'), user=User(_api=<tweepy.api.API object at 0x7f590254c978>, _json={'id': 750751206427860992, 'id_str': '750751206427860992', 'name': 'Marvel Studios', 'screen_name': 'MarvelStudios', 'location': '', 'description': 'The official Twitter account for Marvel Studios.', 'url': 'https://t.co/q761NHHoac', 'entities': {'url': {'urls': [{'url': 'https://t.co/q761NHHoac', 'expanded_url': 'http://fandango.com/infinitywar', 'display_url': 'fandango.com/infinitywar', 'indices': [0, 23]}]}, 'description': {'urls': []}}, 'protected': False, 'followers_count': 877115, 'friends_count': 74, 'listed_count': 2236, 'created_at': 'Wed Jul 06 18:00:10 +0000 2016', 'favourites_count': 970, 'utc_offset': -25200, 'time_zone': 'Pacific Time (US & Canada)', 'geo_enabled': True, 'verified': True, 'statuses_count': 8865, 'lang': 'en', 'contributors_enabled': False, 'is_translator': False, 'is_translation_enabled': False, 'profile_background_color': 'F5F8FA', 'profile_background_image_url': None, 'profile_background_image_url_https': None, 'profile_background_tile': False, 'profile_image_url': 'http://pbs.twimg.com/profile_images/791852580632604672/1BIDSxyC_normal.jpg', 'profile_image_url_https': 'https://pbs.twimg.com/profile_images/791852580632604672/1BIDSxyC_normal.jpg', 'profile_banner_url': 'https://pbs.twimg.com/profile_banners/750751206427860992/1521221350', 'profile_link_color': '1DA1F2', 'profile_sidebar_border_color': 'C0DEED', 'profile_sidebar_fill_color': 'DDEEF6', 'profile_text_color': '333333', 'profile_use_background_image': True, 'has_extended_profile': False, 'default_profile': True, 'default_profile_image': False, 'following': False, 'follow_request_sent': False, 'notifications': False, 'translator_type': 'none'}, id=750751206427860992, id_str='750751206427860992', name='Marvel Studios', screen_name='MarvelStudios', location='', description='The official Twitter account for Marvel Studios.', url='https://t.co/q761NHHoac', entities={'url': {'urls': [{'url': 'https://t.co/q761NHHoac', 'expanded_url': 'http://fandango.com/infinitywar', 'display_url': 'fandango.com/infinitywar', 'indices': [0, 23]}]}, 'description': {'urls': []}}, protected=False, followers_count=877115, friends_count=74, listed_count=2236, created_at=datetime.datetime(2016, 7, 6, 18, 0, 10), favourites_count=970, utc_offset=-25200, time_zone='Pacific Time (US & Canada)', geo_enabled=True, verified=True, statuses_count=8865, lang='en', contributors_enabled=False, is_translator=False, is_translation_enabled=False, profile_background_color='F5F8FA', profile_background_image_url=None, profile_background_image_url_https=None, profile_background_tile=False, profile_image_url='http://pbs.twimg.com/profile_images/791852580632604672/1BIDSxyC_normal.jpg', profile_image_url_https='https://pbs.twimg.com/profile_images/791852580632604672/1BIDSxyC_normal.jpg', profile_banner_url='https://pbs.twimg.com/profile_banners/750751206427860992/1521221350', profile_link_color='1DA1F2', profile_sidebar_border_color='C0DEED', profile_sidebar_fill_color='DDEEF6', profile_text_color='333333', profile_use_background_image=True, has_extended_profile=False, default_profile=True, default_profile_image=False, following=False, follow_request_sent=False, notifications=False, translator_type='none'), geo=None, coordinates=None, place=None, contributors=None, is_quote_status=False, retweet_count=16507, favorite_count=39997, favorited=False, retweeted=False, possibly_sensitive=False, lang='en'), is_quote_status=False, retweet_count=16507, favorite_count=0, favorited=False, retweeted=False, lang='en'), Status(_api=<tweepy.api.API object at 0x7f590254c978>, _json={'created_at': 'Sun Apr 08 00:12:00 +0000 2018', 'id': 982773017053982721, 'id_str': '982773017053982721', 'text': 'https://t.co/mDqIheIEqg', 'truncated': False, 'entities': {'hashtags': [], 'symbols': [], 'user_mentions': [], 'urls': [], 'media': [{'id': 982773013224583168, 'id_str': '982773013224583168', 'indices': [0, 23], 'media_url': 'http://pbs.twimg.com/media/DaOC2TwXcAAwyLS.jpg', 'media_url_https': 'https://pbs.twimg.com/media/DaOC2TwXcAAwyLS.jpg', 'url': 'https://t.co/mDqIheIEqg', 'display_url': 'pic.twitter.com/mDqIheIEqg', 'expanded_url': 'https://twitter.com/CatHacks2018/status/982773017053982721/photo/1', 'type': 'photo', 'sizes': {'thumb': {'w': 150, 'h': 150, 'resize': 'crop'}, 'medium': {'w': 498, 'h': 476, 'resize': 'fit'}, 'large': {'w': 498, 'h': 476, 'resize': 'fit'}, 'small': {'w': 498, 'h': 476, 'resize': 'fit'}}}]}, 'extended_entities': {'media': [{'id': 982773013224583168, 'id_str': '982773013224583168', 'indices': [0, 23], 'media_url': 'http://pbs.twimg.com/media/DaOC2TwXcAAwyLS.jpg', 'media_url_https': 'https://pbs.twimg.com/media/DaOC2TwXcAAwyLS.jpg', 'url': 'https://t.co/mDqIheIEqg', 'display_url': 'pic.twitter.com/mDqIheIEqg', 'expanded_url': 'https://twitter.com/CatHacks2018/status/982773017053982721/photo/1', 'type': 'photo', 'sizes': {'thumb': {'w': 150, 'h': 150, 'resize': 'crop'}, 'medium': {'w': 498, 'h': 476, 'resize': 'fit'}, 'large': {'w': 498, 'h': 476, 'resize': 'fit'}, 'small': {'w': 498, 'h': 476, 'resize': 'fit'}}}]}, 'source': '<a href="http://twitter.com/download/android" rel="nofollow">Twitter for Android</a>', 'in_reply_to_status_id': None, 'in_reply_to_status_id_str': None, 'in_reply_to_user_id': None, 'in_reply_to_user_id_str': None, 'in_reply_to_screen_name': None, 'user': {'id': 982772536193814528, 'id_str': '982772536193814528', 'name': 'Cat Hacks', 'screen_name': 'CatHacks2018', 'location': '', 'description': '', 'url': None, 'entities': {'description': {'urls': []}}, 'protected': False, 'followers_count': 0, 'friends_count': 17, 'listed_count': 0, 'created_at': 'Sun Apr 08 00:10:06 +0000 2018', 'favourites_count': 0, 'utc_offset': None, 'time_zone': None, 'geo_enabled': False, 'verified': False, 'statuses_count': 4, 'lang': 'en', 'contributors_enabled': False, 'is_translator': False, 'is_translation_enabled': False, 'profile_background_color': 'F5F8FA', 'profile_background_image_url': None, 'profile_background_image_url_https': None, 'profile_background_tile': False, 'profile_image_url': 'http://abs.twimg.com/sticky/default_profile_images/default_profile_normal.png', 'profile_image_url_https': 'https://abs.twimg.com/sticky/default_profile_images/default_profile_normal.png', 'profile_link_color': '1DA1F2', 'profile_sidebar_border_color': 'C0DEED', 'profile_sidebar_fill_color': 'DDEEF6', 'profile_text_color': '333333', 'profile_use_background_image': True, 'has_extended_profile': False, 'default_profile': True, 'default_profile_image': True, 'following': False, 'follow_request_sent': False, 'notifications': False, 'translator_type': 'none'}, 'geo': None, 'coordinates': None, 'place': None, 'contributors': None, 'is_quote_status': False, 'retweet_count': 0, 'favorite_count': 0, 'favorited': False, 'retweeted': False, 'possibly_sensitive': False, 'lang': 'und'}, created_at=datetime.datetime(2018, 4, 8, 0, 12), id=982773017053982721, id_str='982773017053982721', text='https://t.co/mDqIheIEqg', truncated=False, entities={'hashtags': [], 'symbols': [], 'user_mentions': [], 'urls': [], 'media': [{'id': 982773013224583168, 'id_str': '982773013224583168', 'indices': [0, 23], 'media_url': 'http://pbs.twimg.com/media/DaOC2TwXcAAwyLS.jpg', 'media_url_https': 'https://pbs.twimg.com/media/DaOC2TwXcAAwyLS.jpg', 'url': 'https://t.co/mDqIheIEqg', 'display_url': 'pic.twitter.com/mDqIheIEqg', 'expanded_url': 'https://twitter.com/CatHacks2018/status/982773017053982721/photo/1', 'type': 'photo', 'sizes': {'thumb': {'w': 150, 'h': 150, 'resize': 'crop'}, 'medium': {'w': 498, 'h': 476, 'resize': 'fit'}, 'large': {'w': 498, 'h': 476, 'resize': 'fit'}, 'small': {'w': 498, 'h': 476, 'resize': 'fit'}}}]}, extended_entities={'media': [{'id': 982773013224583168, 'id_str': '982773013224583168', 'indices': [0, 23], 'media_url': 'http://pbs.twimg.com/media/DaOC2TwXcAAwyLS.jpg', 'media_url_https': 'https://pbs.twimg.com/media/DaOC2TwXcAAwyLS.jpg', 'url': 'https://t.co/mDqIheIEqg', 'display_url': 'pic.twitter.com/mDqIheIEqg', 'expanded_url': 'https://twitter.com/CatHacks2018/status/982773017053982721/photo/1', 'type': 'photo', 'sizes': {'thumb': {'w': 150, 'h': 150, 'resize': 'crop'}, 'medium': {'w': 498, 'h': 476, 'resize': 'fit'}, 'large': {'w': 498, 'h': 476, 'resize': 'fit'}, 'small': {'w': 498, 'h': 476, 'resize': 'fit'}}}]}, source='Twitter for Android', source_url='http://twitter.com/download/android', in_reply_to_status_id=None, in_reply_to_status_id_str=None, in_reply_to_user_id=None, in_reply_to_user_id_str=None, in_reply_to_screen_name=None, author=User(_api=<tweepy.api.API object at 0x7f590254c978>, _json={'id': 982772536193814528, 'id_str': '982772536193814528', 'name': 'Cat Hacks', 'screen_name': 'CatHacks2018', 'location': '', 'description': '', 'url': None, 'entities': {'description': {'urls': []}}, 'protected': False, 'followers_count': 0, 'friends_count': 17, 'listed_count': 0, 'created_at': 'Sun Apr 08 00:10:06 +0000 2018', 'favourites_count': 0, 'utc_offset': None, 'time_zone': None, 'geo_enabled': False, 'verified': False, 'statuses_count': 4, 'lang': 'en', 'contributors_enabled': False, 'is_translator': False, 'is_translation_enabled': False, 'profile_background_color': 'F5F8FA', 'profile_background_image_url': None, 'profile_background_image_url_https': None, 'profile_background_tile': False, 'profile_image_url': 'http://abs.twimg.com/sticky/default_profile_images/default_profile_normal.png', 'profile_image_url_https': 'https://abs.twimg.com/sticky/default_profile_images/default_profile_normal.png', 'profile_link_color': '1DA1F2', 'profile_sidebar_border_color': 'C0DEED', 'profile_sidebar_fill_color': 'DDEEF6', 'profile_text_color': '333333', 'profile_use_background_image': True, 'has_extended_profile': False, 'default_profile': True, 'default_profile_image': True, 'following': False, 'follow_request_sent': False, 'notifications': False, 'translator_type': 'none'}, id=982772536193814528, id_str='982772536193814528', name='Cat Hacks', screen_name='CatHacks2018', location='', description='', url=None, entities={'description': {'urls': []}}, protected=False, followers_count=0, friends_count=17, listed_count=0, created_at=datetime.datetime(2018, 4, 8, 0, 10, 6), favourites_count=0, utc_offset=None, time_zone=None, geo_enabled=False, verified=False, statuses_count=4, lang='en', contributors_enabled=False, is_translator=False, is_translation_enabled=False, profile_background_color='F5F8FA', profile_background_image_url=None, profile_background_image_url_https=None, profile_background_tile=False, profile_image_url='http://abs.twimg.com/sticky/default_profile_images/default_profile_normal.png', profile_image_url_https='https://abs.twimg.com/sticky/default_profile_images/default_profile_normal.png', profile_link_color='1DA1F2', profile_sidebar_border_color='C0DEED', profile_sidebar_fill_color='DDEEF6', profile_text_color='333333', profile_use_background_image=True, has_extended_profile=False, default_profile=True, default_profile_image=True, following=False, follow_request_sent=False, notifications=False, translator_type='none'), user=User(_api=<tweepy.api.API object at 0x7f590254c978>, _json={'id': 982772536193814528, 'id_str': '982772536193814528', 'name': 'Cat Hacks', 'screen_name': 'CatHacks2018', 'location': '', 'description': '', 'url': None, 'entities': {'description': {'urls': []}}, 'protected': False, 'followers_count': 0, 'friends_count': 17, 'listed_count': 0, 'created_at': 'Sun Apr 08 00:10:06 +0000 2018', 'favourites_count': 0, 'utc_offset': None, 'time_zone': None, 'geo_enabled': False, 'verified': False, 'statuses_count': 4, 'lang': 'en', 'contributors_enabled': False, 'is_translator': False, 'is_translation_enabled': False, 'profile_background_color': 'F5F8FA', 'profile_background_image_url': None, 'profile_background_image_url_https': None, 'profile_background_tile': False, 'profile_image_url': 'http://abs.twimg.com/sticky/default_profile_images/default_profile_normal.png', 'profile_image_url_https': 'https://abs.twimg.com/sticky/default_profile_images/default_profile_normal.png', 'profile_link_color': '1DA1F2', 'profile_sidebar_border_color': 'C0DEED', 'profile_sidebar_fill_color': 'DDEEF6', 'profile_text_color': '333333', 'profile_use_background_image': True, 'has_extended_profile': False, 'default_profile': True, 'default_profile_image': True, 'following': False, 'follow_request_sent': False, 'notifications': False, 'translator_type': 'none'}, id=982772536193814528, id_str='982772536193814528', name='Cat Hacks', screen_name='CatHacks2018', location='', description='', url=None, entities={'description': {'urls': []}}, protected=False, followers_count=0, friends_count=17, listed_count=0, created_at=datetime.datetime(2018, 4, 8, 0, 10, 6), favourites_count=0, utc_offset=None, time_zone=None, geo_enabled=False, verified=False, statuses_count=4, lang='en', contributors_enabled=False, is_translator=False, is_translation_enabled=False, profile_background_color='F5F8FA', profile_background_image_url=None, profile_background_image_url_https=None, profile_background_tile=False, profile_image_url='http://abs.twimg.com/sticky/default_profile_images/default_profile_normal.png', profile_image_url_https='https://abs.twimg.com/sticky/default_profile_images/default_profile_normal.png', profile_link_color='1DA1F2', profile_sidebar_border_color='C0DEED', profile_sidebar_fill_color='DDEEF6', profile_text_color='333333', profile_use_background_image=True, has_extended_profile=False, default_profile=True, default_profile_image=True, following=False, follow_request_sent=False, notifications=False, translator_type='none'), geo=None, coordinates=None, place=None, contributors=None, is_quote_status=False, retweet_count=0, favorite_count=0, favorited=False, retweeted=False, possibly_sensitive=False, lang='und'), Status(_api=<tweepy.api.API object at 0x7f590254c978>, _json={'created_at': 'Sun Apr 08 00:11:47 +0000 2018', 'id': 982772959017361408, 'id_str': '982772959017361408', 'text': 'Test Tweet', 'truncated': False, 'entities': {'hashtags': [], 'symbols': [], 'user_mentions': [], 'urls': []}, 'source': '<a href="http://twitter.com/download/android" rel="nofollow">Twitter for Android</a>', 'in_reply_to_status_id': None, 'in_reply_to_status_id_str': None, 'in_reply_to_user_id': None, 'in_reply_to_user_id_str': None, 'in_reply_to_screen_name': None, 'user': {'id': 982772536193814528, 'id_str': '982772536193814528', 'name': 'Cat Hacks', 'screen_name': 'CatHacks2018', 'location': '', 'description': '', 'url': None, 'entities': {'description': {'urls': []}}, 'protected': False, 'followers_count': 0, 'friends_count': 17, 'listed_count': 0, 'created_at': 'Sun Apr 08 00:10:06 +0000 2018', 'favourites_count': 0, 'utc_offset': None, 'time_zone': None, 'geo_enabled': False, 'verified': False, 'statuses_count': 4, 'lang': 'en', 'contributors_enabled': False, 'is_translator': False, 'is_translation_enabled': False, 'profile_background_color': 'F5F8FA', 'profile_background_image_url': None, 'profile_background_image_url_https': None, 'profile_background_tile': False, 'profile_image_url': 'http://abs.twimg.com/sticky/default_profile_images/default_profile_normal.png', 'profile_image_url_https': 'https://abs.twimg.com/sticky/default_profile_images/default_profile_normal.png', 'profile_link_color': '1DA1F2', 'profile_sidebar_border_color': 'C0DEED', 'profile_sidebar_fill_color': 'DDEEF6', 'profile_text_color': '333333', 'profile_use_background_image': True, 'has_extended_profile': False, 'default_profile': True, 'default_profile_image': True, 'following': False, 'follow_request_sent': False, 'notifications': False, 'translator_type': 'none'}, 'geo': None, 'coordinates': None, 'place': None, 'contributors': None, 'is_quote_status': False, 'retweet_count': 0, 'favorite_count': 0, 'favorited': False, 'retweeted': False, 'lang': 'fr'}, created_at=datetime.datetime(2018, 4, 8, 0, 11, 47), id=982772959017361408, id_str='982772959017361408', text='Test Tweet', truncated=False, entities={'hashtags': [], 'symbols': [], 'user_mentions': [], 'urls': []}, source='Twitter for Android', source_url='http://twitter.com/download/android', in_reply_to_status_id=None, in_reply_to_status_id_str=None, in_reply_to_user_id=None, in_reply_to_user_id_str=None, in_reply_to_screen_name=None, author=User(_api=<tweepy.api.API object at 0x7f590254c978>, _json={'id': 982772536193814528, 'id_str': '982772536193814528', 'name': 'Cat Hacks', 'screen_name': 'CatHacks2018', 'location': '', 'description': '', 'url': None, 'entities': {'description': {'urls': []}}, 'protected': False, 'followers_count': 0, 'friends_count': 17, 'listed_count': 0, 'created_at': 'Sun Apr 08 00:10:06 +0000 2018', 'favourites_count': 0, 'utc_offset': None, 'time_zone': None, 'geo_enabled': False, 'verified': False, 'statuses_count': 4, 'lang': 'en', 'contributors_enabled': False, 'is_translator': False, 'is_translation_enabled': False, 'profile_background_color': 'F5F8FA', 'profile_background_image_url': None, 'profile_background_image_url_https': None, 'profile_background_tile': False, 'profile_image_url': 'http://abs.twimg.com/sticky/default_profile_images/default_profile_normal.png', 'profile_image_url_https': 'https://abs.twimg.com/sticky/default_profile_images/default_profile_normal.png', 'profile_link_color': '1DA1F2', 'profile_sidebar_border_color': 'C0DEED', 'profile_sidebar_fill_color': 'DDEEF6', 'profile_text_color': '333333', 'profile_use_background_image': True, 'has_extended_profile': False, 'default_profile': True, 'default_profile_image': True, 'following': False, 'follow_request_sent': False, 'notifications': False, 'translator_type': 'none'}, id=982772536193814528, id_str='982772536193814528', name='Cat Hacks', screen_name='CatHacks2018', location='', description='', url=None, entities={'description': {'urls': []}}, protected=False, followers_count=0, friends_count=17, listed_count=0, created_at=datetime.datetime(2018, 4, 8, 0, 10, 6), favourites_count=0, utc_offset=None, time_zone=None, geo_enabled=False, verified=False, statuses_count=4, lang='en', contributors_enabled=False, is_translator=False, is_translation_enabled=False, profile_background_color='F5F8FA', profile_background_image_url=None, profile_background_image_url_https=None, profile_background_tile=False, profile_image_url='http://abs.twimg.com/sticky/default_profile_images/default_profile_normal.png', profile_image_url_https='https://abs.twimg.com/sticky/default_profile_images/default_profile_normal.png', profile_link_color='1DA1F2', profile_sidebar_border_color='C0DEED', profile_sidebar_fill_color='DDEEF6', profile_text_color='333333', profile_use_background_image=True, has_extended_profile=False, default_profile=True, default_profile_image=True, following=False, follow_request_sent=False, notifications=False, translator_type='none'), user=User(_api=<tweepy.api.API object at 0x7f590254c978>, _json={'id': 982772536193814528, 'id_str': '982772536193814528', 'name': 'Cat Hacks', 'screen_name': 'CatHacks2018', 'location': '', 'description': '', 'url': None, 'entities': {'description': {'urls': []}}, 'protected': False, 'followers_count': 0, 'friends_count': 17, 'listed_count': 0, 'created_at': 'Sun Apr 08 00:10:06 +0000 2018', 'favourites_count': 0, 'utc_offset': None, 'time_zone': None, 'geo_enabled': False, 'verified': False, 'statuses_count': 4, 'lang': 'en', 'contributors_enabled': False, 'is_translator': False, 'is_translation_enabled': False, 'profile_background_color': 'F5F8FA', 'profile_background_image_url': None, 'profile_background_image_url_https': None, 'profile_background_tile': False, 'profile_image_url': 'http://abs.twimg.com/sticky/default_profile_images/default_profile_normal.png', 'profile_image_url_https': 'https://abs.twimg.com/sticky/default_profile_images/default_profile_normal.png', 'profile_link_color': '1DA1F2', 'profile_sidebar_border_color': 'C0DEED', 'profile_sidebar_fill_color': 'DDEEF6', 'profile_text_color': '333333', 'profile_use_background_image': True, 'has_extended_profile': False, 'default_profile': True, 'default_profile_image': True, 'following': False, 'follow_request_sent': False, 'notifications': False, 'translator_type': 'none'}, id=982772536193814528, id_str='982772536193814528', name='Cat Hacks', screen_name='CatHacks2018', location='', description='', url=None, entities={'description': {'urls': []}}, protected=False, followers_count=0, friends_count=17, listed_count=0, created_at=datetime.datetime(2018, 4, 8, 0, 10, 6), favourites_count=0, utc_offset=None, time_zone=None, geo_enabled=False, verified=False, statuses_count=4, lang='en', contributors_enabled=False, is_translator=False, is_translation_enabled=False, profile_background_color='F5F8FA', profile_background_image_url=None, profile_background_image_url_https=None, profile_background_tile=False, profile_image_url='http://abs.twimg.com/sticky/default_profile_images/default_profile_normal.png', profile_image_url_https='https://abs.twimg.com/sticky/default_profile_images/default_profile_normal.png', profile_link_color='1DA1F2', profile_sidebar_border_color='C0DEED', profile_sidebar_fill_color='DDEEF6', profile_text_color='333333', profile_use_background_image=True, has_extended_profile=False, default_profile=True, default_profile_image=True, following=False, follow_request_sent=False, notifications=False, translator_type='none'), geo=None, coordinates=None, place=None, contributors=None, is_quote_status=False, retweet_count=0, favorite_count=0, favorited=False, retweeted=False, lang='fr')]
[]
